15:48:55 **** Incremental Build of configuration Debug for project F103RB ****
make -j8 all 
arm-none-eabi-gcc "../Core/Src/main.c" -mcpu=cortex-m3 -std=gnu11 -g3 -DDEBUG -DUSE_HAL_DRIVER -DSTM32F103xB -c -I../Core/Inc -I../Drivers/STM32F1xx_HAL_Driver/Inc -I../Drivers/STM32F1xx_HAL_Driver/Inc/Legacy -I../Drivers/CMSIS/Device/ST/STM32F1xx/Include -I../Drivers/CMSIS/Include -O0 -ffunction-sections -fdata-sections -Wall -fstack-usage -fcyclomatic-complexity -MMD -MP -MF"Core/Src/main.d" -MT"Core/Src/main.o" --specs=nano.specs -mfloat-abi=soft -mthumb -o "Core/Src/main.o"
arm-none-eabi-gcc -o "F103RB.elf" @"objects.list"   -mcpu=cortex-m3 -T"D:\VXL_VDK_LAB\F103RB\F103RB\STM32F103RBTX_FLASH.ld" --specs=nosys.specs -Wl,-Map="F103RB.map" -Wl,--gc-sections -static --specs=nano.specs -mfloat-abi=soft -mthumb -Wl,--start-group -lc -lm -Wl,--end-group
Finished building target: F103RB.elf
 
arm-none-eabi-size  F103RB.elf 
arm-none-eabi-objdump -h -S F103RB.elf  > "F103RB.list"
arm-none-eabi-objcopy  -O ihex F103RB.elf  "F103RB.hex"
   text	   data	    bss	    dec	    hex	filename
   7004	     20	   1644	   8668	   21dc	F103RB.elf
arm-none-eabi-objcopy  -O binary F103RB.elf  "F103RB.bin"
Finished building: default.size.stdout
 
Finished building: F103RB.hex
Finished building: F103RB.bin
 
 
Finished building: F103RB.list
 
15:49:14 **** Incremental Build of configuration Debug for project F103RB ****
make -j8 all 
arm-none-eabi-size  F103RB.elf 
   text	   data	    bss	    dec	    hex	filename
   7004	     20	   1644	   8668	   21dc	F103RB.elf
Finished building: default.size.stdout
 
