../Core/Src/traffic_light_config.c:12:6:fsm_traffic_config	8	static
../Core/Src/traffic_light_config.c:100:6:behaviors_mode2	8	static
../Core/Src/traffic_light_config.c:133:6:behaviors_mode3	8	static
../Core/Src/traffic_light_config.c:164:6:behaviors_mode4	8	static
../Core/Src/traffic_light_config.c:196:6:init_mode2	8	static
../Core/Src/traffic_light_config.c:213:6:init_mode3	8	static
../Core/Src/traffic_light_config.c:231:6:init_mode4	8	static
../Core/Src/traffic_light_config.c:249:6:update_change_red	4	static
../Core/Src/traffic_light_config.c:267:6:update_change_yel	4	static
../Core/Src/traffic_light_config.c:277:6:update_change_gre	4	static
../Core/Src/traffic_light_config.c:287:6:turn_on_red	8	static
../Core/Src/traffic_light_config.c:298:6:turn_on_yel	8	static
../Core/Src/traffic_light_config.c:309:6:turn_on_gre	8	static
