../Core/Src/traffic_light_config.c:12:6:fsm_traffic_config	8	static
../Core/Src/traffic_light_config.c:98:6:behaviors_mode2	8	static
../Core/Src/traffic_light_config.c:131:6:behaviors_mode3	8	static
../Core/Src/traffic_light_config.c:162:6:behaviors_mode4	8	static
../Core/Src/traffic_light_config.c:194:6:init_mode2	8	static
../Core/Src/traffic_light_config.c:212:6:init_mode3	8	static
../Core/Src/traffic_light_config.c:231:6:init_mode4	8	static
../Core/Src/traffic_light_config.c:250:6:update_change_red	4	static
../Core/Src/traffic_light_config.c:268:6:update_change_yel	4	static
../Core/Src/traffic_light_config.c:278:6:update_change_gre	4	static
../Core/Src/traffic_light_config.c:288:6:turn_on_red	8	static
../Core/Src/traffic_light_config.c:299:6:turn_on_yel	8	static
../Core/Src/traffic_light_config.c:310:6:turn_on_gre	8	static
