../Core/Src/main.c:92:7:setTimer0	16	static
../Core/Src/main.c:96:7:timer_run	4	static
../Core/Src/main.c:108:5:main	8	static
../Core/Src/main.c:187:6:SystemClock_Config	72	static
../Core/Src/main.c:224:13:MX_TIM2_Init	32	static
../Core/Src/main.c:269:13:MX_GPIO_Init	32	static
../Core/Src/main.c:323:7:HAL_TIM_PeriodElapsedCallback	16	static
../Core/Src/main.c:330:7:updateLEDMatrix	16	static
../Core/Src/main.c:369:7:init_matrix_led	8	static
../Core/Src/main.c:373:6:set_matrix_row	24	static
../Core/Src/main.c:384:9:updateClockBuffer	4	static
../Core/Src/main.c:390:6:exer4	8	static
../Core/Src/main.c:416:7:exer1	8	static
../Core/Src/main.c:437:7:exer2	8	static
../Core/Src/main.c:473:6:update7SEG	16	static
../Core/Src/main.c:505:7:display7SEG	16	static
../Core/Src/main.c:608:6:Error_Handler	4	static,ignoring_inline_asm
